// Jest Snapshot v1, https://goo.gl/fbAQLP

exports[`<Header/> Render correctly 1`] = `
<header
  css={
    {
      "map": undefined,
      "name": "1wbp2vb",
      "next": undefined,
      "styles": "
        background-color: #2F2519;
        color: #F0EFED;
      ",
      "toString": [Function],
    }
  }
>
  <div
    className="container"
    css={
      {
        "map": undefined,
        "name": "1wzd80i",
        "next": undefined,
        "styles": "
        max-width: calc(100vw - 30%);
        margin: 0 auto;
        color: white;
        height: 100%;
        @media (max-width: 1024px) {
          max-width: calc(100vw - 10%);
        }
      ",
        "toString": [Function],
      }
    }
  >
    <nav
      css={
        {
          "map": undefined,
          "name": "1iegzf6",
          "next": undefined,
          "styles": "
  display: flex;
  justify-content: space-between;
  align-items: center;
  height: 120px;
  width: 100%;
",
          "toString": [Function],
        }
      }
    >
      <a
        className="logo"
        css={
          {
            "map": undefined,
            "name": "bcsvj9",
            "next": undefined,
            "styles": "
  margin: 0 auto;
  transition: 0.2s;
  &:hover {
    transform: scale(1.05);
  }
  @media (min-width: 600px) {
    width: 25%;
  }
  @media (min-width: 900px) {
    margin: 0;
  }
",
            "toString": [Function],
          }
        }
        href="/"
      >
        <img
          alt="VictorGom3s Logo"
          src="test-file-stub"
        />
      </a>
      <div
        className="links"
        css={
          {
            "map": undefined,
            "name": "7v8joc",
            "next": undefined,
            "styles": "
  display: none;
  justify-content: space-evenly;
  
  flex: 1;
  a {
    position: relative;
    margin: 0 15px;
    transition: 0.2s;
    &:after {
      content: " />";
      color: #F0EFED;
      position: absolute;
      padding-left: 5px;
    }
    &:hover {
      color: #FA7D09;
      transform: scale(1.05);
      &:after {
        color: #FA7D09;
      }
    }
  }

  @media (min-width: 900px) {
    display: flex;
    justify-content: center;
    gap: 30px;
  }
",
            "toString": [Function],
          }
        }
      >
        <a
          href="#aboutMe"
        >
          header.aboutMe
        </a>
        <a
          href="#portfolio"
        >
          header.portfolio
        </a>
        <a
          href="#contato"
        >
          header.contact
        </a>
      </div>
      <div
        css={
          {
            "map": undefined,
            "name": "yqi79i",
            "next": undefined,
            "styles": "
  width: 25%;
  display: flex;
  justify-content: flex-end;
",
            "toString": [Function],
          }
        }
      >
        <select
          css={
            {
              "map": undefined,
              "name": "9qfhqk",
              "next": undefined,
              "styles": "
  background: none;
  border: none;
  color: #F0EFED;
  padding: 5px 10px;
  border-radius: 5px;
  font-size: 1.25rem;
",
              "toString": [Function],
            }
          }
          onChange={[Function]}
          value="en"
        >
          <option
            value="en"
          >
            🇬🇧
          </option>
        </select>
      </div>
    </nav>
  </div>
</header>
`;
